Failed at 4
